// Jest Snapshot v1, https://goo.gl/fbAQLP

exports[`SEO render children correctly 1`] = `
<DocumentFragment>
  <link
    charset="UTF-8"
    href="https://cdnjs.cloudflare.com/ajax/libs/slick-carousel/1.6.0/slick.min.css"
    rel="stylesheet"
    type="text/css"
  />
  <link
    href="https://cdnjs.cloudflare.com/ajax/libs/slick-carousel/1.6.0/slick-theme.min.css"
    rel="stylesheet"
    type="text/css"
  />
  <title
    id="title"
  >
    www.brushella.art - Welcome
  </title>
  <meta
    content="Brushella store offers original paintings, art decor, crafts, clothing and more"
    id="description"
    name="description"
  />
  <div>
    Text for SEO
  </div>
</DocumentFragment>
`;
